[bootstrapmade.com/demo/themes/Day/index.html]
[backblue.gif]
[fade.gif]
[index.html]
[bootstrapmade.com/demo/themes/Day/css/bootstrap.min.css]
[bootstrapmade.com/demo/themes/Day/css/font-awesome.min.css]
[bootstrapmade.com/demo/themes/Day/css/animate.css]
[bootstrapmade.com/demo/themes/Day/css/animate.min.css]
[bootstrapmade.com/demo/themes/Day/css/style.css]
[bootstrapmade.com/demo/themes/Day/about.html]
[bootstrapmade.com/demo/themes/Day/services.html]
[bootstrapmade.com/demo/themes/Day/gallery.html]
[bootstrapmade.com/demo/themes/Day/contact.html]
[bootstrapmade.com/demo/themes/Day/img/slide.jpg]
[bootstrapmade.com/demo/themes/Day/img/8.jpg]
[bootstrapmade.com/demo/themes/Day/img/9.jpg]
[bootstrapmade.com/demo/themes/Day/img/10.jpg]
[bootstrapmade.com/demo/themes/Day/img/11.jpg]
[bootstrapmade.com/demo/themes/Day/img/12.jpg]
[bootstrapmade.com/demo/themes/Day/img/13.jpg]
[bootstrapmade.com/demo/themes/Day/img/gallery1.png]
[bootstrapmade.com/demo/themes/Day/img/gallery2.png]
[bootstrapmade.com/demo/themes/Day/img/gallery3.png]
[bootstrapmade.com/demo/themes/Day/img/gallery4.png]
[bootstrapmade.com/demo/themes/Day/img/gallery5.png]
[bootstrapmade.com/demo/themes/Day/img/gallery6.png]
[bootstrapmade.com/demo/themes/Day/js/jquery.min.js]
[bootstrapmade.com/demo/themes/Day/js/jquery-migrate.min.js]
[bootstrapmade.com/demo/themes/Day/js/bootstrap.min.js]
[bootstrapmade.com/demo/themes/Day/js/wow.min.js]
[www.google-analytics.com/analytics.js]
[bootstrapmade.com/demo/themes/Day/index.html]
[bootstrapmade.com/demo/themes/Day/fonts/glyphicons-halflings-regular.eot]
[bootstrapmade.com/demo/themes/Day/fonts/glyphicons-halflings-regulard41d.eot]
[bootstrapmade.com/demo/themes/Day/fonts/glyphicons-halflings-regular.woff]
[bootstrapmade.com/demo/themes/Day/fonts/glyphicons-halflings-regular.ttf]
[bootstrapmade.com/demo/themes/Day/css/bootstrap.min.css]
[bootstrapmade.com/demo/themes/Day/fonts/glyphicons-halflings-regular.svg]
[bootstrapmade.com/demo/themes/Day/fonts/fontawesome-webfontba72.eot]
[bootstrapmade.com/demo/themes/Day/fonts/fontawesome-webfontd41d.eot]
[bootstrapmade.com/demo/themes/Day/fonts/fontawesome-webfontba72.woff]
[bootstrapmade.com/demo/themes/Day/fonts/fontawesome-webfontba72.ttf]
[bootstrapmade.com/demo/themes/Day/css/font-awesome.min.css]
[bootstrapmade.com/demo/themes/Day/css/animate.css]
[bootstrapmade.com/demo/themes/Day/css/animate.min.css]
[bootstrapmade.com/demo/themes/Day/fonts/fontawesome-webfontba72.svg]
[bootstrapmade.com/demo/themes/Day/css/font-awesome.css]
[bootstrapmade.com/demo/themes/Day/img/7.jpg]
[bootstrapmade.com/demo/themes/Day/css/style.css]
[bootstrapmade.com/demo/themes/Day/img/man1.jpg]
[bootstrapmade.com/demo/themes/Day/img/man2.jpg]
[bootstrapmade.com/demo/themes/Day/img/man3.jpg]
[bootstrapmade.com/demo/themes/Day/img/man4.jpg]
[bootstrapmade.com/demo/themes/Day/about.html]
[bootstrapmade.com/demo/themes/Day/services.html]
[bootstrapmade.com/demo/themes/Day/gallery.html]
[bootstrapmade.com/demo/themes/Day/contactform/contactform.js]
[bootstrapmade.com/demo/themes/Day/contact.html]
[bootstrapmade.com/demo/themes/Day/fonts/glyphicons-halflings-regular.svg]
[bootstrapmade.com/demo/themes/Day/fonts/fontawesome-webfontba72.svg]
[bootstrapmade.com/demo/themes/Day/css/font-awesome.css]
